
> hoanghuy_portfolio@0.1.0 build D:\IU\Learn\CV\portfolio\hoanghuy_portfolio
> next build

   Γû▓ Next.js 15.3.8

   Creating an optimized production build ...
 Γ£ô Compiled successfully in 4.0s
   Linting and checking validity of types ...
node.exe : 
At 
D:\download\node\pnpm.ps1:16 
char:5
+     & "$basedir/node$exe"  
"$basedir/node_modules/corepa
ck/dist/pnpm. ...
+     ~~~~~~~~~~~~~~~~~~~~~~~
~~~~~~~~~~~~~~~~~~~~~~~~~~~~~
~~~~~~~~~~~~~
    + CategoryInfo           
   : NotSpecified: (:String  
  ) [], RemoteException
    + FullyQualifiedErrorId  
   : NativeCommandError
 
Failed to compile.

./src/components/Skills.tsx
5:63  Warning: 'GoLangIcon' 
is defined but never used.  @
typescript-eslint/no-unused-v
ars
5:75  Warning: 'GraphQLIcon' 
is defined but never used.  @
typescript-eslint/no-unused-v
ars
5:251  Warning: 
'DrizzleIcon' is defined but 
never used.  @typescript-esli
nt/no-unused-vars
5:273  Warning: 'MySQLIcon' 
is defined but never used.  @
typescript-eslint/no-unused-v
ars

./src/components/ui/icons.tsx
139:5  Warning: Using 
`<img>` could result in 
slower LCP and higher 
bandwidth. Consider using 
`<Image />` from 
`next/image` or a custom 
image loader to 
automatically optimize 
images. This may incur 
additional usage or cost 
from your provider. See: http
s://nextjs.org/docs/messages/
no-img-element  
@next/next/no-img-element
144:5  Warning: Using 
`<img>` could result in 
slower LCP and higher 
bandwidth. Consider using 
`<Image />` from 
`next/image` or a custom 
image loader to 
automatically optimize 
images. This may incur 
additional usage or cost 
from your provider. See: http
s://nextjs.org/docs/messages/
no-img-element  
@next/next/no-img-element

./src/components/ui/text-gene
rate-effect.tsx
11:13  Error: Error: Cannot 
access variable before it is 
declared

`startAnimation` is accessed 
before it is declared, which 
prevents the earlier access 
from updating when this 
value changes over time.

D:\IU\Learn\CV\portfolio\hoan
ghuy_portfolio\src\components
\ui\text-generate-effect.tsx:
11:13
   9 |     useEffect(() => {
  10 |         if(isInView){
> 11 |             
startAnimation()
     |             
^^^^^^^^^^^^^^ 
`startAnimation` accessed 
before it is declared
  12 |         }
  13 |     }, [isInView])
  14 |

D:\IU\Learn\CV\portfolio\hoan
ghuy_portfolio\src\components
\ui\text-generate-effect.tsx:
15:5
  13 |     }, [isInView])
  14 |
> 15 |     const 
startAnimation = () => {
     |     ^^^^^^^^^^^^^^^^^^
^^^^^^^^^^^^
> 16 |         animate(
     | ^^^^^^^^^^^^^^^^
> 17 |             'span',
     ΓÇª
     | ^^^^^^^^^^^^^^^^
> 28 |         )
     | ^^^^^^^^^^^^^^^^
> 29 |     }
     | ^^^^^^ 
`startAnimation` is declared 
here
  30 |
  31 |     return (
  32 |         <div 
ref={scope} className="flex 
items-center flex-wrap 
w-full text-justify">  
react-hooks/immutability
13:8  Warning: React Hook 
useEffect has a missing 
dependency: 
'startAnimation'. Either 
include it or remove the 
dependency array.  
react-hooks/exhaustive-deps

info  - Need to disable some 
ESLint rules? Learn more 
here: https://nextjs.org/docs
/app/api-reference/config/esl
int#disabling-rules
ΓÇëELIFECYCLEΓÇë Command failed with exit code 1.
